Loading required package: FLCore
Loading required package: lattice
FLCore (Version 2.6.33, packaged: Tue Sep 29 20:34:30 2026)

Attaching package: 'FLa4a'

The following objects are masked from 'package:FLCore':

    bevholt, bevholtSV, geomean, ricker

Study: Unpenalised (correct model)
Study: Penalised 1D: F ~ s(age) + s(year)
Study: Penalised 2D: F ~ s(age) + s(year) + ti(age, year)

== Unpenalised (correct model) ( 200 simulations )
coverage of 95% intervals:
           ML  REML
ssb     0.910 0.953
fbar    0.883 0.951
rec     0.893 0.948
harvest 0.896 0.954
interval width, REML / ML (median over paired intervals):
    ssb    fbar     rec harvest 
  1.202   1.237   1.208   1.233 
mean log error (bias):
             ML    REML
ssb      0.0024  0.0028
fbar    -0.0006 -0.0007
rec      0.0016  0.0017
harvest -0.0010 -0.0013
root mean square log error:
            ML   REML
ssb     0.0428 0.0427
fbar    0.0470 0.0468
rec     0.0493 0.0490
harvest 0.0588 0.0585
relative bias of observation sd estimates:
           ML   REML
catch  -0.202 -0.001
survey -0.028  0.003
seconds per fit:
  ML REML 
 0.2  1.1 
converged:
  ML REML 
   1    1 

== Penalised 1D: F ~ s(age) + s(year) ( 200 simulations )
coverage of 95% intervals:
           ML  REML
ssb     0.907 0.938
fbar    0.922 0.956
rec     0.917 0.948
harvest 0.899 0.935
interval width, REML / ML (median over paired intervals):
    ssb    fbar     rec harvest 
  1.120   1.109   1.123   1.118 
mean log error (bias):
             ML    REML
ssb      0.0097  0.0086
fbar    -0.0031 -0.0026
rec     -0.0002 -0.0004
harvest -0.0060 -0.0052
root mean square log error:
            ML   REML
ssb     0.0445 0.0441
fbar    0.0340 0.0336
rec     0.0485 0.0483
harvest 0.0518 0.0512
relative bias of observation sd estimates:
           ML   REML
catch  -0.127  0.003
survey -0.041 -0.004
seconds per fit:
  ML REML 
 0.5  1.2 
converged:
  ML REML 
   1    1 

== Penalised 2D: F ~ s(age) + s(year) + ti(age, year) ( 50 simulations )
coverage of 95% intervals:
           ML  REML
ssb     0.945 0.956
fbar    0.952 0.963
rec     0.943 0.956
harvest 0.906 0.917
interval width, REML / ML (median over paired intervals):
    ssb    fbar     rec harvest 
  1.051   1.047   1.053   1.048 
mean log error (bias):
             ML    REML
ssb     -0.0018 -0.0018
fbar     0.0033  0.0029
rec     -0.0025 -0.0030
harvest  0.0038  0.0039
root mean square log error:
            ML   REML
ssb     0.0256 0.0258
fbar    0.0260 0.0260
rec     0.0537 0.0536
harvest 0.0523 0.0526
relative bias of observation sd estimates:
           ML   REML
catch  -0.040  0.028
summer -0.023 -0.001
winter -0.009  0.012
seconds per fit:
  ML REML 
 7.0 21.8 
converged:
  ML REML 
0.94 0.92 
saved src/examples/09-reml-coverage/coverage.png
saved src/examples/09-reml-coverage/sd-estimates.png
TIME 581 s
